    retry 1 ({'message': 'Request timeout on the free plan, please upgrade to paid plan', 'code': 30})
    retry 1 (Expecting value: line 1 column 1 (char 0))
    retry 1 ({'message': 'Request timeout on the free plan, please upgrade to paid plan', 'code': 30})
    retry 1 (Expecting value: line 1 column 1 (char 0))
    retry 2 ({'message': 'method handler crashed', 'code': -32000})
    retry 1 (Expecting value: line 1 column 1 (char 0))
    retry 1 ({'message': 'Request timeout on the free plan, please upgrade to paid plan', 'code': 30})
    batch retry 1 (Expecting value: line 1 column 1 (char 0))
abstract (chainId 2741): ETH blocks 23221564..25832865 (262 chunks)
  blocks 23221564..23231563: +31 (total on disk 31)
  blocks 23231564..23241563: +37 (total on disk 68)
  blocks 23241564..23251563: +40 (total on disk 108)
  blocks 23251564..23261563: +27 (total on disk 135)
  blocks 23261564..23271563: +33 (total on disk 168)
  blocks 23271564..23281563: +25 (total on disk 193)
  blocks 23281564..23291563: +25 (total on disk 218)
  blocks 23291564..23301563: +29 (total on disk 247)
  blocks 23301564..23311563: +17 (total on disk 264)
  blocks 23311564..23321563: +17 (total on disk 281)
  blocks 23321564..23331563: +26 (total on disk 307)
  blocks 23331564..23341563: +32 (total on disk 339)
  blocks 23341564..23351563: +52 (total on disk 391)
  blocks 23351564..23361563: +39 (total on disk 430)
  blocks 23361564..23371563: +44 (total on disk 474)
  blocks 23371564..23381563: +39 (total on disk 513)
  blocks 23381564..23391563: +44 (total on disk 557)
  blocks 23391564..23401563: +26 (total on disk 583)
  blocks 23401564..23411563: +13 (total on disk 596)
  blocks 23411564..23421563: +16 (total on disk 612)
  blocks 23421564..23431563: +57 (total on disk 669)
  blocks 23431564..23441563: +74 (total on disk 743)
  blocks 23441564..23451563: +27 (total on disk 770)
  blocks 23451564..23461563: +26 (total on disk 796)
  blocks 23461564..23471563: +20 (total on disk 816)
  blocks 23471564..23481563: +26 (total on disk 842)
  blocks 23481564..23491563: +36 (total on disk 878)
  blocks 23491564..23501563: +36 (total on disk 914)
  blocks 23501564..23511563: +37 (total on disk 951)
  blocks 23511564..23521563: +43 (total on disk 994)
  blocks 23521564..23531563: +35 (total on disk 1029)
  blocks 23531564..23541563: +34 (total on disk 1063)
  blocks 23541564..23551563: +22 (total on disk 1085)
  blocks 23551564..23561563: +20 (total on disk 1105)
  blocks 23561564..23571563: +33 (total on disk 1138)
  blocks 23571564..23581563: +29 (total on disk 1167)
  blocks 23581564..23591563: +35 (total on disk 1202)
  blocks 23591564..23601563: +44 (total on disk 1246)
  blocks 23601564..23611563: +28 (total on disk 1274)
  blocks 23611564..23621563: +32 (total on disk 1306)
  blocks 23621564..23631563: +31 (total on disk 1337)
  blocks 23631564..23641563: +45 (total on disk 1382)
  blocks 23641564..23651563: +39 (total on disk 1421)
  blocks 23651564..23661563: +26 (total on disk 1447)
  blocks 23661564..23671563: +27 (total on disk 1474)
  blocks 23671564..23681563: +29 (total on disk 1503)
  blocks 23681564..23691563: +32 (total on disk 1535)
  blocks 23691564..23701563: +18 (total on disk 1553)
  blocks 23701564..23711563: +39 (total on disk 1592)
  blocks 23711564..23721563: +74 (total on disk 1666)
  blocks 23721564..23731563: +23 (total on disk 1689)
  blocks 23731564..23741563: +21 (total on disk 1710)
  blocks 23741564..23751563: +12 (total on disk 1722)
  blocks 23751564..23761563: +12 (total on disk 1734)
  blocks 23761564..23771563: +15 (total on disk 1749)
  blocks 23771564..23781563: +17 (total on disk 1766)
  blocks 23781564..23791563: +22 (total on disk 1788)
  blocks 23791564..23801563: +14 (total on disk 1802)
  blocks 23801564..23811563: +16 (total on disk 1818)
  blocks 23811564..23821563: +17 (total on disk 1835)
  blocks 23821564..23831563: +32 (total on disk 1867)
  blocks 23831564..23841563: +4 (total on disk 1871)
  blocks 23841564..23851563: +12 (total on disk 1883)
  blocks 23851564..23861563: +17 (total on disk 1900)
  blocks 23861564..23871563: +9 (total on disk 1909)
  blocks 23871564..23881563: +10 (total on disk 1919)
  blocks 23881564..23891563: +19 (total on disk 1938)
  blocks 23891564..23901563: +12 (total on disk 1950)
  blocks 23901564..23911563: +10 (total on disk 1960)
  blocks 23911564..23921563: +10 (total on disk 1970)
  blocks 23921564..23931563: +6 (total on disk 1976)
  blocks 23931564..23941563: +15 (total on disk 1991)
  blocks 23941564..23951563: +20 (total on disk 2011)
  blocks 23951564..23961563: +19 (total on disk 2030)
  blocks 23961564..23971563: +12 (total on disk 2042)
  blocks 23971564..23981563: +13 (total on disk 2055)
  blocks 23981564..23991563: +10 (total on disk 2065)
  blocks 23991564..24001563: +10 (total on disk 2075)
  blocks 24001564..24011563: +5 (total on disk 2080)
  blocks 24011564..24021563: +14 (total on disk 2094)
  blocks 24021564..24031563: +16 (total on disk 2110)
  blocks 24031564..24041563: +25 (total on disk 2135)
  blocks 24041564..24051563: +14 (total on disk 2149)
  blocks 24051564..24061563: +6 (total on disk 2155)
  blocks 24061564..24071563: +10 (total on disk 2165)
  blocks 24071564..24081563: +8 (total on disk 2173)
  blocks 24081564..24091563: +9 (total on disk 2182)
  blocks 24091564..24101563: +8 (total on disk 2190)
  blocks 24101564..24111563: +13 (total on disk 2203)
  blocks 24111564..24121563: +6 (total on disk 2209)
  blocks 24121564..24131563: +12 (total on disk 2221)
  blocks 24131564..24141563: +12 (total on disk 2233)
  blocks 24141564..24151563: +15 (total on disk 2248)
  blocks 24151564..24161563: +12 (total on disk 2260)
  blocks 24161564..24171563: +22 (total on disk 2282)
  blocks 24171564..24181563: +23 (total on disk 2305)
  blocks 24181564..24191563: +7 (total on disk 2312)
  blocks 24191564..24201563: +5 (total on disk 2317)
  blocks 24201564..24211563: +5 (total on disk 2322)
  blocks 24211564..24221563: +5 (total on disk 2327)
  blocks 24221564..24231563: +11 (total on disk 2338)
  blocks 24231564..24241563: +15 (total on disk 2353)
  blocks 24241564..24251563: +18 (total on disk 2371)
  blocks 24251564..24261563: +14 (total on disk 2385)
  blocks 24261564..24271563: +9 (total on disk 2394)
  blocks 24271564..24281563: +7 (total on disk 2401)
  blocks 24281564..24291563: +8 (total on disk 2409)
  blocks 24291564..24301563: +7 (total on disk 2416)
  blocks 24301564..24311563: +7 (total on disk 2423)
  blocks 24311564..24321563: +14 (total on disk 2437)
  blocks 24321564..24331563: +15 (total on disk 2452)
  blocks 24331564..24341563: +12 (total on disk 2464)
  blocks 24341564..24351563: +15 (total on disk 2479)
  blocks 24351564..24361563: +7 (total on disk 2486)
  blocks 24361564..24371563: +12 (total on disk 2498)
  blocks 24371564..24381563: +13 (total on disk 2511)
  blocks 24381564..24391563: +88 (total on disk 2599)
  blocks 24391564..24401563: +9 (total on disk 2608)
  blocks 24401564..24411563: +6 (total on disk 2614)
  blocks 24411564..24421563: +15 (total on disk 2629)
  blocks 24421564..24431563: +17 (total on disk 2646)
  blocks 24431564..24441563: +23 (total on disk 2669)
  blocks 24441564..24451563: +36 (total on disk 2705)
  blocks 24451564..24461563: +15 (total on disk 2720)
  blocks 24461564..24471563: +22 (total on disk 2742)
  blocks 24471564..24481563: +16 (total on disk 2758)
  blocks 24481564..24491563: +13 (total on disk 2771)
  blocks 24491564..24501563: +10 (total on disk 2781)
  blocks 24501564..24511563: +23 (total on disk 2804)
  blocks 24511564..24521563: +13 (total on disk 2817)
  blocks 24521564..24531563: +12 (total on disk 2829)
  blocks 24531564..24541563: +10 (total on disk 2839)
  blocks 24541564..24551563: +11 (total on disk 2850)
  blocks 24551564..24561563: +8 (total on disk 2858)
  blocks 24561564..24571563: +33 (total on disk 2891)
  blocks 24571564..24581563: +24 (total on disk 2915)
  blocks 24581564..24591563: +20 (total on disk 2935)
  blocks 24591564..24601563: +15 (total on disk 2950)
  blocks 24601564..24611563: +10 (total on disk 2960)
  blocks 24611564..24621563: +15 (total on disk 2975)
  blocks 24621564..24631563: +11 (total on disk 2986)
  blocks 24631564..24641563: +6 (total on disk 2992)
  blocks 24641564..24651563: +11 (total on disk 3003)
  blocks 24651564..24661563: +9 (total on disk 3012)
  blocks 24661564..24671563: +10 (total on disk 3022)
  blocks 24671564..24681563: +17 (total on disk 3039)
  blocks 24681564..24691563: +13 (total on disk 3052)
  blocks 24691564..24701563: +2 (total on disk 3054)
  blocks 24701564..24711563: +5 (total on disk 3059)
  blocks 24711564..24721563: +8 (total on disk 3067)
  blocks 24721564..24731563: +14 (total on disk 3081)
  blocks 24731564..24741563: +13 (total on disk 3094)    retry 1 ({'message': 'Request timeout on the free plan, please upgrade to paid plan', 'code': 30})
    batch retry 1 (Expecting value: line 1 column 1 (char 0))
    retry 1 ({'message': 'Request timeout on the free plan, please upgrade to paid plan', 'code': 30})
    retry 1 (Expecting value: line 1 column 1 (char 0))

  blocks 24741564..24751563: +11 (total on disk 3105)
  blocks 24751564..24761563: +12 (total on disk 3117)
  blocks 24761564..24771563: +7 (total on disk 3124)
  blocks 24771564..24781563: +7 (total on disk 3131)
  blocks 24781564..24791563: +11 (total on disk 3142)
  blocks 24791564..24801563: +10 (total on disk 3152)
  blocks 24801564..24811563: +3 (total on disk 3155)
  blocks 24811564..24821563: +6 (total on disk 3161)
  blocks 24821564..24831563: +15 (total on disk 3176)
  blocks 24831564..24841563: +8 (total on disk 3184)
  blocks 24841564..24851563: +17 (total on disk 3201)
  blocks 24851564..24861563: +9 (total on disk 3210)
  blocks 24861564..24871563: +5 (total on disk 3215)
  blocks 24871564..24881563: +10 (total on disk 3225)
  blocks 24881564..24891563: +7 (total on disk 3232)
  blocks 24891564..24901563: +12 (total on disk 3244)
  blocks 24901564..24911563: +3 (total on disk 3247)
  blocks 24911564..24921563: +4 (total on disk 3251)
  blocks 24921564..24931563: +4 (total on disk 3255)
  blocks 24931564..24941563: +10 (total on disk 3265)
  blocks 24941564..24951563: +9 (total on disk 3274)
  blocks 24951564..24961563: +10 (total on disk 3284)
  blocks 24961564..24971563: +13 (total on disk 3297)
  blocks 24971564..24981563: +6 (total on disk 3303)
  blocks 24981564..24991563: +7 (total on disk 3310)
  blocks 24991564..25001563: +7 (total on disk 3317)
  blocks 25001564..25011563: +6 (total on disk 3323)
  blocks 25011564..25021563: +11 (total on disk 3334)
  blocks 25021564..25031563: +17 (total on disk 3351)
  blocks 25031564..25041563: +11 (total on disk 3362)
  blocks 25041564..25051563: +11 (total on disk 3373)
  blocks 25051564..25061563: +8 (total on disk 3381)
  blocks 25061564..25071563: +3 (total on disk 3384)
  blocks 25071564..25081563: +14 (total on disk 3398)
  blocks 25081564..25091563: +14 (total on disk 3412)
  blocks 25091564..25101563: +7 (total on disk 3419)
  blocks 25101564..25111563: +4 (total on disk 3423)
  blocks 25111564..25121563: +8 (total on disk 3431)
  blocks 25121564..25131563: +7 (total on disk 3438)
  blocks 25131564..25141563: +14 (total on disk 3452)
  blocks 25141564..25151563: +13 (total on disk 3465)
  blocks 25151564..25161563: +8 (total on disk 3473)
  blocks 25161564..25171563: +12 (total on disk 3485)
  blocks 25171564..25181563: +7 (total on disk 3492)
  blocks 25181564..25191563: +13 (total on disk 3505)
  blocks 25191564..25201563: +5 (total on disk 3510)
  blocks 25201564..25211563: +8 (total on disk 3518)
  blocks 25211564..25221563: +11 (total on disk 3529)
  blocks 25221564..25231563: +15 (total on disk 3544)
  blocks 25231564..25241563: +11 (total on disk 3555)
  blocks 25241564..25251563: +9 (total on disk 3564)
  blocks 25251564..25261563: +9 (total on disk 3573)
  blocks 25261564..25271563: +5 (total on disk 3578)
  blocks 25271564..25281563: +6 (total on disk 3584)
  blocks 25281564..25291563: +10 (total on disk 3594)
  blocks 25291564..25301563: +12 (total on disk 3606)
  blocks 25301564..25311563: +1 (total on disk 3607)
  blocks 25311564..25321563: +3 (total on disk 3610)
  blocks 25321564..25331563: +10 (total on disk 3620)
  blocks 25331564..25341563: +9 (total on disk 3629)
  blocks 25341564..25351563: +4 (total on disk 3633)
  blocks 25351564..25361563: +8 (total on disk 3641)
  blocks 25361564..25371563: +3 (total on disk 3644)
  blocks 25371564..25381563: +11 (total on disk 3655)
  blocks 25381564..25391563: +4 (total on disk 3659)
  blocks 25391564..25401563: +5 (total on disk 3664)
  blocks 25401564..25411563: +3 (total on disk 3667)
  blocks 25411564..25421563: +6 (total on disk 3673)
  blocks 25421564..25431563: +2 (total on disk 3675)
  blocks 25431564..25441563: +148 (total on disk 3823)
  blocks 25441564..25451563: +26 (total on disk 3849)
  blocks 25451564..25461563: +4 (total on disk 3853)
  blocks 25461564..25471563: +3 (total on disk 3856)
  blocks 25471564..25481563: +9 (total on disk 3865)
  blocks 25481564..25491563: +2 (total on disk 3867)
  blocks 25491564..25501563: +6 (total on disk 3873)
  blocks 25501564..25511563: +3 (total on disk 3876)
  blocks 25511564..25521563: +9 (total on disk 3885)
  blocks 25521564..25531563: +4 (total on disk 3889)
  blocks 25531564..25541563: +1 (total on disk 3890)
  blocks 25541564..25551563: +0 (total on disk 3890)
  blocks 25551564..25561563: +2 (total on disk 3892)
  blocks 25561564..25571563: +11 (total on disk 3903)
  blocks 25571564..25581563: +4 (total on disk 3907)
  blocks 25581564..25591563: +13 (total on disk 3920)
  blocks 25591564..25601563: +4 (total on disk 3924)
  blocks 25601564..25611563: +14 (total on disk 3938)
  blocks 25611564..25621563: +11 (total on disk 3949)
  blocks 25621564..25631563: +15 (total on disk 3964)
  blocks 25631564..25641563: +9 (total on disk 3973)
  blocks 25641564..25651563: +8 (total on disk 3981)
  blocks 25651564..25661563: +16 (total on disk 3997)
  blocks 25661564..25671563: +7 (total on disk 4004)
  blocks 25671564..25681563: +11 (total on disk 4015)
  blocks 25681564..25691563: +18 (total on disk 4033)
  blocks 25691564..25701563: +16 (total on disk 4049)
  blocks 25701564..25711563: +8 (total on disk 4057)
  blocks 25711564..25721563: +4 (total on disk 4061)
  blocks 25721564..25731563: +4 (total on disk 4065)
  blocks 25731564..25741563: +20 (total on disk 4085)
  blocks 25741564..25751563: +0 (total on disk 4085)
  blocks 25751564..25761563: +0 (total on disk 4085)
  blocks 25761564..25771563: +0 (total on disk 4085)
  blocks 25771564..25781563: +0 (total on disk 4085)
  blocks 25781564..25791563: +1 (total on disk 4086)
  blocks 25791564..25801563: +1 (total on disk 4087)
  blocks 25801564..25811563: +3 (total on disk 4090)
  blocks 25811564..25821563: +2 (total on disk 4092)
  blocks 25821564..25831563: +0 (total on disk 4092)
  blocks 25831564..25832865: +0 (total on disk 4092)
done: 4092 priority txs on disk (4092 new this run), txId 22842..26933, internal gaps: none
