    retry 1 ({'message': 'Request timeout on the free plan, please upgrade to paid plan', 'code': 30})
    retry 1 (Expecting value: line 1 column 1 (char 0))
    retry 1 ({'message': 'Request timeout on the free plan, please upgrade to paid plan', 'code': 30})
cronos (chainId 388): ETH blocks 23221564..25832928 (262 chunks)
  blocks 23221564..23231563: +19 (total on disk 19)
  blocks 23231564..23241563: +24 (total on disk 43)
  blocks 23241564..23251563: +2 (total on disk 45)
  blocks 23251564..23261563: +4 (total on disk 49)
  blocks 23261564..23271563: +2 (total on disk 51)
  blocks 23271564..23281563: +1 (total on disk 52)
  blocks 23281564..23291563: +3 (total on disk 55)
  blocks 23291564..23301563: +10 (total on disk 65)
  blocks 23301564..23311563: +21 (total on disk 86)
  blocks 23311564..23321563: +7 (total on disk 93)
  blocks 23321564..23331563: +2 (total on disk 95)
  blocks 23331564..23341563: +0 (total on disk 95)
  blocks 23341564..23351563: +0 (total on disk 95)
  blocks 23351564..23361563: +1 (total on disk 96)
  blocks 23361564..23371563: +0 (total on disk 96)
  blocks 23371564..23381563: +3 (total on disk 99)
  blocks 23381564..23391563: +1 (total on disk 100)
  blocks 23391564..23401563: +3 (total on disk 103)
  blocks 23401564..23411563: +0 (total on disk 103)
  blocks 23411564..23421563: +0 (total on disk 103)
  blocks 23421564..23431563: +4 (total on disk 107)
  blocks 23431564..23441563: +3 (total on disk 110)
  blocks 23441564..23451563: +0 (total on disk 110)
  blocks 23451564..23461563: +3 (total on disk 113)
  blocks 23461564..23471563: +0 (total on disk 113)
  blocks 23471564..23481563: +0 (total on disk 113)
  blocks 23481564..23491563: +2 (total on disk 115)
  blocks 23491564..23501563: +3 (total on disk 118)
  blocks 23501564..23511563: +0 (total on disk 118)
  blocks 23511564..23521563: +1 (total on disk 119)
  blocks 23521564..23531563: +2 (total on disk 121)
  blocks 23531564..23541563: +2 (total on disk 123)
  blocks 23541564..23551563: +4 (total on disk 127)
  blocks 23551564..23561563: +2 (total on disk 129)
  blocks 23561564..23571563: +4 (total on disk 133)
  blocks 23571564..23581563: +0 (total on disk 133)
  blocks 23581564..23591563: +0 (total on disk 133)
  blocks 23591564..23601563: +2 (total on disk 135)
  blocks 23601564..23611563: +3 (total on disk 138)
  blocks 23611564..23621563: +2 (total on disk 140)
  blocks 23621564..23631563: +2 (total on disk 142)
  blocks 23631564..23641563: +0 (total on disk 142)
  blocks 23641564..23651563: +0 (total on disk 142)
  blocks 23651564..23661563: +0 (total on disk 142)
  blocks 23661564..23671563: +1 (total on disk 143)
  blocks 23671564..23681563: +1 (total on disk 144)
  blocks 23681564..23691563: +3 (total on disk 147)
  blocks 23691564..23701563: +1 (total on disk 148)
  blocks 23701564..23711563: +4 (total on disk 152)
  blocks 23711564..23721563: +0 (total on disk 152)
  blocks 23721564..23731563: +0 (total on disk 152)
  blocks 23731564..23741563: +1 (total on disk 153)
  blocks 23741564..23751563: +0 (total on disk 153)
  blocks 23751564..23761563: +0 (total on disk 153)
  blocks 23761564..23771563: +2 (total on disk 155)
  blocks 23771564..23781563: +1 (total on disk 156)
  blocks 23781564..23791563: +5 (total on disk 161)
  blocks 23791564..23801563: +0 (total on disk 161)
  blocks 23801564..23811563: +0 (total on disk 161)
  blocks 23811564..23821563: +2 (total on disk 163)
  blocks 23821564..23831563: +4 (total on disk 167)
  blocks 23831564..23841563: +1 (total on disk 168)
  blocks 23841564..23851563: +3 (total on disk 171)
  blocks 23851564..23861563: +0 (total on disk 171)
  blocks 23861564..23871563: +0 (total on disk 171)
  blocks 23871564..23881563: +0 (total on disk 171)
  blocks 23881564..23891563: +0 (total on disk 171)
  blocks 23891564..23901563: +1 (total on disk 172)
  blocks 23901564..23911563: +1 (total on disk 173)
  blocks 23911564..23921563: +1 (total on disk 174)
  blocks 23921564..23931563: +1 (total on disk 175)
  blocks 23931564..23941563: +2 (total on disk 177)
  blocks 23941564..23951563: +0 (total on disk 177)
  blocks 23951564..23961563: +0 (total on disk 177)
  blocks 23961564..23971563: +0 (total on disk 177)
  blocks 23971564..23981563: +1 (total on disk 178)
  blocks 23981564..23991563: +0 (total on disk 178)
  blocks 23991564..24001563: +2 (total on disk 180)
  blocks 24001564..24011563: +0 (total on disk 180)
  blocks 24011564..24021563: +0 (total on disk 180)
  blocks 24021564..24031563: +2 (total on disk 182)
  blocks 24031564..24041563: +2 (total on disk 184)
  blocks 24041564..24051563: +0 (total on disk 184)
  blocks 24051564..24061563: +0 (total on disk 184)
  blocks 24061564..24071563: +2 (total on disk 186)
  blocks 24071564..24081563: +4 (total on disk 190)
  blocks 24081564..24091563: +1 (total on disk 191)
  blocks 24091564..24101563: +1 (total on disk 192)
  blocks 24101564..24111563: +0 (total on disk 192)
  blocks 24111564..24121563: +0 (total on disk 192)
  blocks 24121564..24131563: +4 (total on disk 196)
  blocks 24131564..24141563: +1 (total on disk 197)
  blocks 24141564..24151563: +0 (total on disk 197)
  blocks 24151564..24161563: +5 (total on disk 202)
  blocks 24161564..24171563: +2 (total on disk 204)
  blocks 24171564..24181563: +0 (total on disk 204)
  blocks 24181564..24191563: +1 (total on disk 205)
  blocks 24191564..24201563: +0 (total on disk 205)
  blocks 24201564..24211563: +2 (total on disk 207)
  blocks 24211564..24221563: +1 (total on disk 208)
  blocks 24221564..24231563: +0 (total on disk 208)
  blocks 24231564..24241563: +5 (total on disk 213)
  blocks 24241564..24251563: +3 (total on disk 216)
  blocks 24251564..24261563: +2 (total on disk 218)
  blocks 24261564..24271563: +0 (total on disk 218)
  blocks 24271564..24281563: +1 (total on disk 219)
  blocks 24281564..24291563: +0 (total on disk 219)
  blocks 24291564..24301563: +0 (total on disk 219)
  blocks 24301564..24311563: +1 (total on disk 220)
  blocks 24311564..24321563: +2 (total on disk 222)
  blocks 24321564..24331563: +0 (total on disk 222)
  blocks 24331564..24341563: +0 (total on disk 222)
  blocks 24341564..24351563: +1 (total on disk 223)
  blocks 24351564..24361563: +2 (total on disk 225)
  blocks 24361564..24371563: +0 (total on disk 225)
  blocks 24371564..24381563: +0 (total on disk 225)
  blocks 24381564..24391563: +0 (total on disk 225)
  blocks 24391564..24401563: +1 (total on disk 226)
  blocks 24401564..24411563: +0 (total on disk 226)
  blocks 24411564..24421563: +2 (total on disk 228)
  blocks 24421564..24431563: +0 (total on disk 228)
  blocks 24431564..24441563: +0 (total on disk 228)
  blocks 24441564..24451563: +1 (total on disk 229)
  blocks 24451564..24461563: +2 (total on disk 231)
  blocks 24461564..24471563: +0 (total on disk 231)
  blocks 24471564..24481563: +3 (total on disk 234)
  blocks 24481564..24491563: +1 (total on disk 235)
  blocks 24491564..24501563: +0 (total on disk 235)
  blocks 24501564..24511563: +0 (total on disk 235)
  blocks 24511564..24521563: +0 (total on disk 235)
  blocks 24521564..24531563: +0 (total on disk 235)
  blocks 24531564..24541563: +0 (total on disk 235)
  blocks 24541564..24551563: +0 (total on disk 235)
  blocks 24551564..24561563: +0 (total on disk 235)
  blocks 24561564..24571563: +3 (total on disk 238)
  blocks 24571564..24581563: +0 (total on disk 238)
  blocks 24581564..24591563: +1 (total on disk 239)
  blocks 24591564..24601563: +3 (total on disk 242)
  blocks 24601564..24611563: +1 (total on disk 243)
  blocks 24611564..24621563: +0 (total on disk 243)
  blocks 24621564..24631563: +0 (total on disk 243)
  blocks 24631564..24641563: +0 (total on disk 243)
  blocks 24641564..24651563: +1 (total on disk 244)
  blocks 24651564..24661563: +5 (total on disk 249)
  blocks 24661564..24671563: +0 (total on disk 249)
  blocks 24671564..24681563: +0 (total on disk 249)
  blocks 24681564..24691563: +1 (total on disk 250)
  blocks 24691564..24701563: +0 (total on disk 250)
  blocks 24701564..24711563: +0 (total on disk 250)
  blocks 24711564..24721563: +0 (total on disk 250)
  blocks 24721564..24731563: +1 (total on disk 251)
  blocks 24731564..24741563: +6 (total on disk 257)
  blocks 24741564..24751563: +1 (total on disk 258)
  blocks 24751564..24761563: +0 (total on disk 258)
  blocks 24761564..24771563: +1 (total on disk 259)
  blocks 24771564..24781563: +0 (total on disk 259)
  blocks 24781564..24791563: +3 (total on disk 262)    retry 1 (Expecting value: line 1 column 1 (char 0))

  blocks 24791564..24801563: +12 (total on disk 274)
  blocks 24801564..24811563: +0 (total on disk 274)
  blocks 24811564..24821563: +1 (total on disk 275)
  blocks 24821564..24831563: +1 (total on disk 276)
  blocks 24831564..24841563: +3 (total on disk 279)
  blocks 24841564..24851563: +0 (total on disk 279)
  blocks 24851564..24861563: +9 (total on disk 288)
  blocks 24861564..24871563: +2 (total on disk 290)
  blocks 24871564..24881563: +3 (total on disk 293)
  blocks 24881564..24891563: +1 (total on disk 294)
  blocks 24891564..24901563: +0 (total on disk 294)
  blocks 24901564..24911563: +0 (total on disk 294)
  blocks 24911564..24921563: +0 (total on disk 294)
  blocks 24921564..24931563: +6 (total on disk 300)
  blocks 24931564..24941563: +1 (total on disk 301)
  blocks 24941564..24951563: +0 (total on disk 301)
  blocks 24951564..24961563: +0 (total on disk 301)
  blocks 24961564..24971563: +2 (total on disk 303)
  blocks 24971564..24981563: +1 (total on disk 304)
  blocks 24981564..24991563: +0 (total on disk 304)
  blocks 24991564..25001563: +0 (total on disk 304)
  blocks 25001564..25011563: +0 (total on disk 304)
  blocks 25011564..25021563: +0 (total on disk 304)
  blocks 25021564..25031563: +1 (total on disk 305)
  blocks 25031564..25041563: +0 (total on disk 305)
  blocks 25041564..25051563: +0 (total on disk 305)
  blocks 25051564..25061563: +0 (total on disk 305)
  blocks 25061564..25071563: +1 (total on disk 306)
  blocks 25071564..25081563: +3 (total on disk 309)
  blocks 25081564..25091563: +1 (total on disk 310)
  blocks 25091564..25101563: +1 (total on disk 311)
  blocks 25101564..25111563: +1 (total on disk 312)
  blocks 25111564..25121563: +0 (total on disk 312)
  blocks 25121564..25131563: +0 (total on disk 312)
  blocks 25131564..25141563: +1 (total on disk 313)
  blocks 25141564..25151563: +1 (total on disk 314)
  blocks 25151564..25161563: +2 (total on disk 316)
  blocks 25161564..25171563: +0 (total on disk 316)
  blocks 25171564..25181563: +2 (total on disk 318)
  blocks 25181564..25191563: +0 (total on disk 318)
  blocks 25191564..25201563: +2 (total on disk 320)
  blocks 25201564..25211563: +4 (total on disk 324)
  blocks 25211564..25221563: +1 (total on disk 325)
  blocks 25221564..25231563: +0 (total on disk 325)
  blocks 25231564..25241563: +0 (total on disk 325)
  blocks 25241564..25251563: +0 (total on disk 325)
  blocks 25251564..25261563: +0 (total on disk 325)
  blocks 25261564..25271563: +0 (total on disk 325)
  blocks 25271564..25281563: +0 (total on disk 325)
  blocks 25281564..25291563: +0 (total on disk 325)
  blocks 25291564..25301563: +0 (total on disk 325)
  blocks 25301564..25311563: +0 (total on disk 325)
  blocks 25311564..25321563: +0 (total on disk 325)
  blocks 25321564..25331563: +0 (total on disk 325)
  blocks 25331564..25341563: +0 (total on disk 325)
  blocks 25341564..25351563: +0 (total on disk 325)
  blocks 25351564..25361563: +0 (total on disk 325)
  blocks 25361564..25371563: +0 (total on disk 325)
  blocks 25371564..25381563: +0 (total on disk 325)
  blocks 25381564..25391563: +0 (total on disk 325)
  blocks 25391564..25401563: +0 (total on disk 325)
  blocks 25401564..25411563: +0 (total on disk 325)
  blocks 25411564..25421563: +0 (total on disk 325)
  blocks 25421564..25431563: +0 (total on disk 325)
  blocks 25431564..25441563: +0 (total on disk 325)
  blocks 25441564..25451563: +0 (total on disk 325)
  blocks 25451564..25461563: +0 (total on disk 325)
  blocks 25461564..25471563: +0 (total on disk 325)
  blocks 25471564..25481563: +0 (total on disk 325)
  blocks 25481564..25491563: +0 (total on disk 325)
  blocks 25491564..25501563: +0 (total on disk 325)
  blocks 25501564..25511563: +0 (total on disk 325)
  blocks 25511564..25521563: +0 (total on disk 325)
  blocks 25521564..25531563: +0 (total on disk 325)
  blocks 25531564..25541563: +0 (total on disk 325)
  blocks 25541564..25551563: +0 (total on disk 325)
  blocks 25551564..25561563: +3 (total on disk 328)
  blocks 25561564..25571563: +1 (total on disk 329)
  blocks 25571564..25581563: +0 (total on disk 329)
  blocks 25581564..25591563: +0 (total on disk 329)
  blocks 25591564..25601563: +0 (total on disk 329)
  blocks 25601564..25611563: +1 (total on disk 330)
  blocks 25611564..25621563: +3 (total on disk 333)
  blocks 25621564..25631563: +0 (total on disk 333)
  blocks 25631564..25641563: +0 (total on disk 333)
  blocks 25641564..25651563: +2 (total on disk 335)
  blocks 25651564..25661563: +0 (total on disk 335)
  blocks 25661564..25671563: +0 (total on disk 335)
  blocks 25671564..25681563: +2 (total on disk 337)
  blocks 25681564..25691563: +0 (total on disk 337)
  blocks 25691564..25701563: +5 (total on disk 342)
  blocks 25701564..25711563: +0 (total on disk 342)
  blocks 25711564..25721563: +0 (total on disk 342)
  blocks 25721564..25731563: +0 (total on disk 342)
  blocks 25731564..25741563: +0 (total on disk 342)
  blocks 25741564..25751563: +1 (total on disk 343)
  blocks 25751564..25761563: +0 (total on disk 343)
  blocks 25761564..25771563: +0 (total on disk 343)
  blocks 25771564..25781563: +0 (total on disk 343)
  blocks 25781564..25791563: +0 (total on disk 343)
  blocks 25791564..25801563: +0 (total on disk 343)
  blocks 25801564..25811563: +0 (total on disk 343)
  blocks 25811564..25821563: +0 (total on disk 343)
  blocks 25821564..25831563: +0 (total on disk 343)
  blocks 25831564..25832928: +0 (total on disk 343)
done: 343 priority txs on disk (343 new this run), txId 4499..4841, internal gaps: none
