    retry 1 (Expecting value: line 1 column 1 (char 0))
    retry 1 ({'code': -32029, 'message': 'Too Many Requests, Please apply an OnFinality API key or contact us to receive a higher rate limit'})
    batch retry 1 (Expecting value: line 1 column 1 (char 0))
    batch retry 2 ({'code': -32029, 'message': 'Too Many Requests, Please apply an OnFinality API key or contact us to receive a higher rate limit'})
    batch retry 1 (Expecting value: line 1 column 1 (char 0))
    batch retry 2 ({'code': -32029, 'message': 'Too Many Requests, Please apply an OnFinality API key or contact us to receive a higher rate limit'})
    batch retry 1 (Expecting value: line 1 column 1 (char 0))
    batch retry 2 ({'code': -32029, 'message': 'Too Many Requests, Please apply an OnFinality API key or contact us to receive a higher rate limit'})
    batch retry 1 (Expecting value: line 1 column 1 (char 0))
    batch retry 2 ({'code': -32029, 'message': 'Too Many Requests, Please apply an OnFinality API key or contact us to receive a higher rate limit'})
    batch retry 1 (empty response from https://rpc.mevblocker.io)
    batch retry 2 ({'code': -32029, 'message': 'Too Many Requests, Please apply an OnFinality API key or contact us to receive a higher rate limit'})
    batch retry 1 (Expecting value: line 1 column 1 (char 0))
    batch retry 2 ({'code': -32029, 'message': 'Too Many Requests, Please apply an OnFinality API key or contact us to receive a higher rate limit'})
    batch retry 1 (Expecting value: line 1 column 1 (char 0))
    batch retry 2 ({'code': -32029, 'message': 'Too Many Requests, Please apply an OnFinality API key or contact us to receive a higher rate limit'})
era (chainId 324): ETH blocks 23221564..25832928 (262 chunks)
resuming from block 23281564 (972 records already on disk)
  blocks 23281564..23291563: +161 (total on disk 1133)
  blocks 23291564..23301563: +114 (total on disk 1247)
  blocks 23301564..23311563: +233 (total on disk 1480)
  blocks 23311564..23321563: +211 (total on disk 1691)
  blocks 23321564..23331563: +107 (total on disk 1798)
  blocks 23331564..23341563: +237 (total on disk 2035)
  blocks 23341564..23351563: +311 (total on disk 2346)
  blocks 23351564..23361563: +359 (total on disk 2705)
  blocks 23361564..23371563: +273 (total on disk 2978)
  blocks 23371564..23381563: +188 (total on disk 3166)
  blocks 23381564..23391563: +236 (total on disk 3402)
  blocks 23391564..23401563: +120 (total on disk 3522)
  blocks 23401564..23411563: +64 (total on disk 3586)
  blocks 23411564..23421563: +270 (total on disk 3856)
  blocks 23421564..23431563: +107 (total on disk 3963)
  blocks 23431564..23441563: +228 (total on disk 4191)
  blocks 23441564..23451563: +202 (total on disk 4393)
  blocks 23451564..23461563: +155 (total on disk 4548)
  blocks 23461564..23471563: +503 (total on disk 5051)
  blocks 23471564..23481563: +234 (total on disk 5285)
  blocks 23481564..23491563: +539 (total on disk 5824)
  blocks 23491564..23501563: +703 (total on disk 6527)
  blocks 23501564..23511563: +162 (total on disk 6689)
  blocks 23511564..23521563: +164 (total on disk 6853)
  blocks 23521564..23531563: +166 (total on disk 7019)
  blocks 23531564..23541563: +301 (total on disk 7320)
  blocks 23541564..23551563: +308 (total on disk 7628)
  blocks 23551564..23561563: +379 (total on disk 8007)
  blocks 23561564..23571563: +237 (total on disk 8244)
  blocks 23571564..23581563: +210 (total on disk 8454)
  blocks 23581564..23591563: +206 (total on disk 8660)
  blocks 23591564..23601563: +50 (total on disk 8710)
  blocks 23601564..23611563: +107 (total on disk 8817)
  blocks 23611564..23621563: +358 (total on disk 9175)
  blocks 23621564..23631563: +134 (total on disk 9309)
  blocks 23631564..23641563: +270 (total on disk 9579)
  blocks 23641564..23651563: +79 (total on disk 9658)
  blocks 23651564..23661563: +148 (total on disk 9806)
  blocks 23661564..23671563: +231 (total on disk 10037)
  blocks 23671564..23681563: +122 (total on disk 10159)
  blocks 23681564..23691563: +191 (total on disk 10350)
  blocks 23691564..23701563: +110 (total on disk 10460)
  blocks 23701564..23711563: +176 (total on disk 10636)
  blocks 23711564..23721563: +186 (total on disk 10822)
  blocks 23721564..23731563: +157 (total on disk 10979)
  blocks 23731564..23741563: +438 (total on disk 11417)
  blocks 23741564..23751563: +112 (total on disk 11529)
  blocks 23751564..23761563: +143 (total on disk 11672)
  blocks 23761564..23771563: +251 (total on disk 11923)
  blocks 23771564..23781563: +211 (total on disk 12134)
  blocks 23781564..23791563: +212 (total on disk 12346)
  blocks 23791564..23801563: +451 (total on disk 12797)
  blocks 23801564..23811563: +93 (total on disk 12890)
  blocks 23811564..23821563: +419 (total on disk 13309)
  blocks 23821564..23831563: +205 (total on disk 13514)
  blocks 23831564..23841563: +342 (total on disk 13856)
  blocks 23841564..23851563: +110 (total on disk 13966)
  blocks 23851564..23861563: +285 (total on disk 14251)
  blocks 23861564..23871563: +249 (total on disk 14500)
  blocks 23871564..23881563: +185 (total on disk 14685)
  blocks 23881564..23891563: +523 (total on disk 15208)
  blocks 23891564..23901563: +210 (total on disk 15418)
  blocks 23901564..23911563: +543 (total on disk 15961)
  blocks 23911564..23921563: +343 (total on disk 16304)
  blocks 23921564..23931563: +202 (total on disk 16506)
  blocks 23931564..23941563: +212 (total on disk 16718)
  blocks 23941564..23951563: +276 (total on disk 16994)
  blocks 23951564..23961563: +124 (total on disk 17118)
  blocks 23961564..23971563: +250 (total on disk 17368)
  blocks 23971564..23981563: +473 (total on disk 17841)
  blocks 23981564..23991563: +199 (total on disk 18040)
  blocks 23991564..24001563: +107 (total on disk 18147)
  blocks 24001564..24011563: +88 (total on disk 18235)
  blocks 24011564..24021563: +100 (total on disk 18335)
  blocks 24021564..24031563: +66 (total on disk 18401)
  blocks 24031564..24041563: +109 (total on disk 18510)
  blocks 24041564..24051563: +81 (total on disk 18591)
  blocks 24051564..24061563: +77 (total on disk 18668)
  blocks 24061564..24071563: +79 (total on disk 18747)
  blocks 24071564..24081563: +78 (total on disk 18825)
  blocks 24081564..24091563: +79 (total on disk 18904)
  blocks 24091564..24101563: +71 (total on disk 18975)
  blocks 24101564..24111563: +77 (total on disk 19052)
  blocks 24111564..24121563: +78 (total on disk 19130)
  blocks 24121564..24131563: +80 (total on disk 19210)
  blocks 24131564..24141563: +71 (total on disk 19281)
  blocks 24141564..24151563: +78 (total on disk 19359)
  blocks 24151564..24161563: +75 (total on disk 19434)
  blocks 24161564..24171563: +72 (total on disk 19506)
  blocks 24171564..24181563: +94 (total on disk 19600)
  blocks 24181564..24191563: +71 (total on disk 19671)
  blocks 24191564..24201563: +73 (total on disk 19744)
  blocks 24201564..24211563: +66 (total on disk 19810)
  blocks 24211564..24221563: +61 (total on disk 19871)
  blocks 24221564..24231563: +70 (total on disk 19941)
  blocks 24231564..24241563: +71 (total on disk 20012)
  blocks 24241564..24251563: +84 (total on disk 20096)
  blocks 24251564..24261563: +68 (total on disk 20164)
  blocks 24261564..24271563: +78 (total on disk 20242)
  blocks 24271564..24281563: +74 (total on disk 20316)
  blocks 24281564..24291563: +69 (total on disk 20385)
  blocks 24291564..24301563: +70 (total on disk 20455)
  blocks 24301564..24311563: +47 (total on disk 20502)
  blocks 24311564..24321563: +46 (total on disk 20548)
  blocks 24321564..24331563: +66 (total on disk 20614)
  blocks 24331564..24341563: +107 (total on disk 20721)
  blocks 24341564..24351563: +73 (total on disk 20794)
  blocks 24351564..24361563: +103 (total on disk 20897)
  blocks 24361564..24371563: +89 (total on disk 20986)
  blocks 24371564..24381563: +67 (total on disk 21053)
  blocks 24381564..24391563: +87 (total on disk 21140)
  blocks 24391564..24401563: +78 (total on disk 21218)
  blocks 24401564..24411563: +72 (total on disk 21290)
  blocks 24411564..24421563: +81 (total on disk 21371)
  blocks 24421564..24431563: +73 (total on disk 21444)
  blocks 24431564..24441563: +83 (total on disk 21527)
  blocks 24441564..24451563: +73 (total on disk 21600)
  blocks 24451564..24461563: +74 (total on disk 21674)
  blocks 24461564..24471563: +67 (total on disk 21741)
  blocks 24471564..24481563: +59 (total on disk 21800)
  blocks 24481564..24491563: +71 (total on disk 21871)
  blocks 24491564..24501563: +67 (total on disk 21938)
  blocks 24501564..24511563: +60 (total on disk 21998)
  blocks 24511564..24521563: +71 (total on disk 22069)
  blocks 24521564..24531563: +77 (total on disk 22146)
  blocks 24531564..24541563: +94 (total on disk 22240)
  blocks 24541564..24551563: +71 (total on disk 22311)
  blocks 24551564..24561563: +64 (total on disk 22375)
  blocks 24561564..24571563: +69 (total on disk 22444)
  blocks 24571564..24581563: +69 (total on disk 22513)
  blocks 24581564..24591563: +87 (total on disk 22600)
  blocks 24591564..24601563: +177 (total on disk 22777)
  blocks 24601564..24611563: +42 (total on disk 22819)
  blocks 24611564..24621563: +47 (total on disk 22866)
  blocks 24621564..24631563: +50 (total on disk 22916)
  blocks 24631564..24641563: +71 (total on disk 22987)
  blocks 24641564..24651563: +68 (total on disk 23055)
  blocks 24651564..24661563: +57 (total on disk 23112)
  blocks 24661564..24671563: +70 (total on disk 23182)
  blocks 24671564..24681563: +65 (total on disk 23247)
  blocks 24681564..24691563: +68 (total on disk 23315)
  blocks 24691564..24701563: +69 (total on disk 23384)
  blocks 24701564..24711563: +67 (total on disk 23451)
  blocks 24711564..24721563: +57 (total on disk 23508)
  blocks 24721564..24731563: +53 (total on disk 23561)
  blocks 24731564..24741563: +49 (total on disk 23610)
  blocks 24741564..24751563: +79 (total on disk 23689)    batch retry 1 (Expecting value: line 1 column 1 (char 0))
    batch retry 2 ({'code': -32029, 'message': 'Too Many Requests, Please apply an OnFinality API key or contact us to receive a higher rate limit'})
    retry 1 ({'code': -32603, 'message': 'Internal error'})
    batch retry 1 ({'code': -32029, 'message': 'Too Many Requests, Please apply an OnFinality API key or contact us to receive a higher rate limit'})

  blocks 24751564..24761563: +61 (total on disk 23750)
  blocks 24761564..24771563: +58 (total on disk 23808)
  blocks 24771564..24781563: +68 (total on disk 23876)
  blocks 24781564..24791563: +67 (total on disk 23943)
  blocks 24791564..24801563: +72 (total on disk 24015)
  blocks 24801564..24811563: +59 (total on disk 24074)
  blocks 24811564..24821563: +68 (total on disk 24142)
  blocks 24821564..24831563: +89 (total on disk 24231)
  blocks 24831564..24841563: +65 (total on disk 24296)
  blocks 24841564..24851563: +68 (total on disk 24364)
  blocks 24851564..24861563: +58 (total on disk 24422)
  blocks 24861564..24871563: +66 (total on disk 24488)
  blocks 24871564..24881563: +65 (total on disk 24553)
  blocks 24881564..24891563: +70 (total on disk 24623)
  blocks 24891564..24901563: +69 (total on disk 24692)
  blocks 24901564..24911563: +59 (total on disk 24751)
  blocks 24911564..24921563: +76 (total on disk 24827)
  blocks 24921564..24931563: +74 (total on disk 24901)
  blocks 24931564..24941563: +78 (total on disk 24979)
  blocks 24941564..24951563: +68 (total on disk 25047)
  blocks 24951564..24961563: +59 (total on disk 25106)
  blocks 24961564..24971563: +67 (total on disk 25173)
  blocks 24971564..24981563: +60 (total on disk 25233)
  blocks 24981564..24991563: +52 (total on disk 25285)
  blocks 24991564..25001563: +68 (total on disk 25353)
  blocks 25001564..25011563: +59 (total on disk 25412)
  blocks 25011564..25021563: +67 (total on disk 25479)
  blocks 25021564..25031563: +77 (total on disk 25556)
  blocks 25031564..25041563: +61 (total on disk 25617)
  blocks 25041564..25051563: +57 (total on disk 25674)
  blocks 25051564..25061563: +58 (total on disk 25732)
  blocks 25061564..25071563: +65 (total on disk 25797)
  blocks 25071564..25081563: +61 (total on disk 25858)
  blocks 25081564..25091563: +76 (total on disk 25934)
  blocks 25091564..25101563: +69 (total on disk 26003)
  blocks 25101564..25111563: +61 (total on disk 26064)
  blocks 25111564..25121563: +63 (total on disk 26127)
  blocks 25121564..25131563: +62 (total on disk 26189)
  blocks 25131564..25141563: +62 (total on disk 26251)
  blocks 25141564..25151563: +175 (total on disk 26426)
  blocks 25151564..25161563: +240 (total on disk 26666)
  blocks 25161564..25171563: +163 (total on disk 26829)
  blocks 25171564..25181563: +472 (total on disk 27301)
  blocks 25181564..25191563: +211 (total on disk 27512)
  blocks 25191564..25201563: +110 (total on disk 27622)
  blocks 25201564..25211563: +136 (total on disk 27758)
  blocks 25211564..25221563: +48 (total on disk 27806)
  blocks 25221564..25231563: +72 (total on disk 27878)
  blocks 25231564..25241563: +71 (total on disk 27949)
  blocks 25241564..25251563: +60 (total on disk 28009)
  blocks 25251564..25261563: +72 (total on disk 28081)
  blocks 25261564..25271563: +56 (total on disk 28137)
  blocks 25271564..25281563: +58 (total on disk 28195)
  blocks 25281564..25291563: +66 (total on disk 28261)
  blocks 25291564..25301563: +48 (total on disk 28309)
  blocks 25301564..25311563: +53 (total on disk 28362)
  blocks 25311564..25321563: +47 (total on disk 28409)
  blocks 25321564..25331563: +55 (total on disk 28464)
  blocks 25331564..25341563: +58 (total on disk 28522)
  blocks 25341564..25351563: +54 (total on disk 28576)
  blocks 25351564..25361563: +54 (total on disk 28630)
  blocks 25361564..25371563: +50 (total on disk 28680)
  blocks 25371564..25381563: +50 (total on disk 28730)
  blocks 25381564..25391563: +53 (total on disk 28783)
  blocks 25391564..25401563: +41 (total on disk 28824)
  blocks 25401564..25411563: +46 (total on disk 28870)
  blocks 25411564..25421563: +48 (total on disk 28918)
  blocks 25421564..25431563: +60 (total on disk 28978)
  blocks 25431564..25441563: +52 (total on disk 29030)
  blocks 25441564..25451563: +73 (total on disk 29103)
  blocks 25451564..25461563: +67 (total on disk 29170)
  blocks 25461564..25471563: +54 (total on disk 29224)
  blocks 25471564..25481563: +58 (total on disk 29282)
  blocks 25481564..25491563: +85 (total on disk 29367)
  blocks 25491564..25501563: +158 (total on disk 29525)
  blocks 25501564..25511563: +271 (total on disk 29796)
  blocks 25511564..25521563: +118 (total on disk 29914)
  blocks 25521564..25531563: +116 (total on disk 30030)
  blocks 25531564..25541563: +187 (total on disk 30217)
  blocks 25541564..25551563: +125 (total on disk 30342)
  blocks 25551564..25561563: +109 (total on disk 30451)
  blocks 25561564..25571563: +55 (total on disk 30506)
  blocks 25571564..25581563: +400 (total on disk 30906)
  blocks 25581564..25591563: +154 (total on disk 31060)
  blocks 25591564..25601563: +133 (total on disk 31193)
  blocks 25601564..25611563: +170 (total on disk 31363)
  blocks 25611564..25621563: +70 (total on disk 31433)
  blocks 25621564..25631563: +147 (total on disk 31580)
  blocks 25631564..25641563: +107 (total on disk 31687)
  blocks 25641564..25651563: +120 (total on disk 31807)
  blocks 25651564..25661563: +80 (total on disk 31887)
  blocks 25661564..25671563: +80 (total on disk 31967)
  blocks 25671564..25681563: +170 (total on disk 32137)
  blocks 25681564..25691563: +147 (total on disk 32284)
  blocks 25691564..25701563: +56 (total on disk 32340)
  blocks 25701564..25711563: +84 (total on disk 32424)
  blocks 25711564..25721563: +61 (total on disk 32485)
  blocks 25721564..25731563: +337 (total on disk 32822)
  blocks 25731564..25741563: +100 (total on disk 32922)
  blocks 25741564..25751563: +70 (total on disk 32992)
  blocks 25751564..25761563: +55 (total on disk 33047)
  blocks 25761564..25771563: +61 (total on disk 33108)
  blocks 25771564..25781563: +58 (total on disk 33166)
  blocks 25781564..25791563: +74 (total on disk 33240)
  blocks 25791564..25801563: +109 (total on disk 33349)
  blocks 25801564..25811563: +76 (total on disk 33425)
  blocks 25811564..25821563: +100 (total on disk 33525)
  blocks 25821564..25831563: +245 (total on disk 33770)
  blocks 25831564..25832928: +9 (total on disk 33779)
done: 33779 priority txs on disk (32807 new this run), txId 3281895..3315673, internal gaps: none
