    retry 1 ({'message': 'Request timeout on the free plan, please upgrade to paid plan', 'code': 30})
    batch retry 1 (Expecting value: line 1 column 1 (char 0))
    retry 1 ({'message': 'Request timeout on the free plan, please upgrade to paid plan', 'code': 30})
    retry 1 (Expecting value: line 1 column 1 (char 0))
    retry 1 ({'message': 'method handler crashed', 'code': -32000})
    retry 1 (Expecting value: line 1 column 1 (char 0))
    retry 2 ({'message': 'method handler crashed', 'code': -32000})
    retry 1 (Expecting value: line 1 column 1 (char 0))
    retry 2 ({'message': 'method handler crashed', 'code': -32000})
    batch retry 1 (Expecting value: line 1 column 1 (char 0))
    retry 1 ({'message': 'method handler crashed', 'code': -32000})
    retry 1 (Expecting value: line 1 column 1 (char 0))
lens (chainId 232): ETH blocks 23221564..25832867 (262 chunks)
  blocks 23221564..23231563: +20 (total on disk 20)
  blocks 23231564..23241563: +16 (total on disk 36)
  blocks 23241564..23251563: +13 (total on disk 49)
  blocks 23251564..23261563: +0 (total on disk 49)
  blocks 23261564..23271563: +0 (total on disk 49)
  blocks 23271564..23281563: +15 (total on disk 64)
  blocks 23281564..23291563: +17 (total on disk 81)
  blocks 23291564..23301563: +15 (total on disk 96)
  blocks 23301564..23311563: +20 (total on disk 116)
  blocks 23311564..23321563: +15 (total on disk 131)
  blocks 23321564..23331563: +10 (total on disk 141)
  blocks 23331564..23341563: +19 (total on disk 160)
  blocks 23341564..23351563: +15 (total on disk 175)
  blocks 23351564..23361563: +20 (total on disk 195)
  blocks 23361564..23371563: +21 (total on disk 216)
  blocks 23371564..23381563: +20 (total on disk 236)
  blocks 23381564..23391563: +27 (total on disk 263)
  blocks 23391564..23401563: +23 (total on disk 286)
  blocks 23401564..23411563: +24 (total on disk 310)
  blocks 23411564..23421563: +18 (total on disk 328)
  blocks 23421564..23431563: +21 (total on disk 349)
  blocks 23431564..23441563: +18 (total on disk 367)
  blocks 23441564..23451563: +20 (total on disk 387)
  blocks 23451564..23461563: +18 (total on disk 405)
  blocks 23461564..23471563: +19 (total on disk 424)
  blocks 23471564..23481563: +24 (total on disk 448)
  blocks 23481564..23491563: +26 (total on disk 474)
  blocks 23491564..23501563: +25 (total on disk 499)
  blocks 23501564..23511563: +22 (total on disk 521)
  blocks 23511564..23521563: +21 (total on disk 542)
  blocks 23521564..23531563: +21 (total on disk 563)
  blocks 23531564..23541563: +19 (total on disk 582)
  blocks 23541564..23551563: +16 (total on disk 598)
  blocks 23551564..23561563: +11 (total on disk 609)
  blocks 23561564..23571563: +20 (total on disk 629)
  blocks 23571564..23581563: +9 (total on disk 638)
  blocks 23581564..23591563: +0 (total on disk 638)
  blocks 23591564..23601563: +15 (total on disk 653)
  blocks 23601564..23611563: +12 (total on disk 665)
  blocks 23611564..23621563: +5 (total on disk 670)
  blocks 23621564..23631563: +9 (total on disk 679)
  blocks 23631564..23641563: +16 (total on disk 695)
  blocks 23641564..23651563: +12 (total on disk 707)
  blocks 23651564..23661563: +17 (total on disk 724)
  blocks 23661564..23671563: +14 (total on disk 738)
  blocks 23671564..23681563: +16 (total on disk 754)
  blocks 23681564..23691563: +21 (total on disk 775)
  blocks 23691564..23701563: +15 (total on disk 790)
  blocks 23701564..23711563: +12 (total on disk 802)
  blocks 23711564..23721563: +19 (total on disk 821)
  blocks 23721564..23731563: +13 (total on disk 834)
  blocks 23731564..23741563: +13 (total on disk 847)
  blocks 23741564..23751563: +16 (total on disk 863)
  blocks 23751564..23761563: +12 (total on disk 875)
  blocks 23761564..23771563: +15 (total on disk 890)
  blocks 23771564..23781563: +14 (total on disk 904)
  blocks 23781564..23791563: +6 (total on disk 910)
  blocks 23791564..23801563: +10 (total on disk 920)
  blocks 23801564..23811563: +7 (total on disk 927)
  blocks 23811564..23821563: +7 (total on disk 934)
  blocks 23821564..23831563: +24 (total on disk 958)
  blocks 23831564..23841563: +27 (total on disk 985)
  blocks 23841564..23851563: +22 (total on disk 1007)
  blocks 23851564..23861563: +23 (total on disk 1030)
  blocks 23861564..23871563: +26 (total on disk 1056)
  blocks 23871564..23881563: +24 (total on disk 1080)
  blocks 23881564..23891563: +29 (total on disk 1109)
  blocks 23891564..23901563: +19 (total on disk 1128)
  blocks 23901564..23911563: +14 (total on disk 1142)
  blocks 23911564..23921563: +19 (total on disk 1161)
  blocks 23921564..23931563: +11 (total on disk 1172)
  blocks 23931564..23941563: +18 (total on disk 1190)
  blocks 23941564..23951563: +16 (total on disk 1206)
  blocks 23951564..23961563: +21 (total on disk 1227)
  blocks 23961564..23971563: +21 (total on disk 1248)
  blocks 23971564..23981563: +20 (total on disk 1268)
  blocks 23981564..23991563: +19 (total on disk 1287)
  blocks 23991564..24001563: +21 (total on disk 1308)
  blocks 24001564..24011563: +19 (total on disk 1327)
  blocks 24011564..24021563: +18 (total on disk 1345)
  blocks 24021564..24031563: +11 (total on disk 1356)
  blocks 24031564..24041563: +37 (total on disk 1393)
  blocks 24041564..24051563: +32 (total on disk 1425)
  blocks 24051564..24061563: +36 (total on disk 1461)
  blocks 24061564..24071563: +34 (total on disk 1495)
  blocks 24071564..24081563: +19 (total on disk 1514)
  blocks 24081564..24091563: +18 (total on disk 1532)
  blocks 24091564..24101563: +21 (total on disk 1553)
  blocks 24101564..24111563: +25 (total on disk 1578)
  blocks 24111564..24121563: +16 (total on disk 1594)
  blocks 24121564..24131563: +18 (total on disk 1612)
  blocks 24131564..24141563: +12 (total on disk 1624)
  blocks 24141564..24151563: +15 (total on disk 1639)
  blocks 24151564..24161563: +29 (total on disk 1668)
  blocks 24161564..24171563: +21 (total on disk 1689)
  blocks 24171564..24181563: +13 (total on disk 1702)
  blocks 24181564..24191563: +19 (total on disk 1721)
  blocks 24191564..24201563: +19 (total on disk 1740)
  blocks 24201564..24211563: +18 (total on disk 1758)
  blocks 24211564..24221563: +13 (total on disk 1771)
  blocks 24221564..24231563: +15 (total on disk 1786)
  blocks 24231564..24241563: +11 (total on disk 1797)
  blocks 24241564..24251563: +9 (total on disk 1806)
  blocks 24251564..24261563: +11 (total on disk 1817)
  blocks 24261564..24271563: +17 (total on disk 1834)
  blocks 24271564..24281563: +14 (total on disk 1848)
  blocks 24281564..24291563: +23 (total on disk 1871)
  blocks 24291564..24301563: +16 (total on disk 1887)
  blocks 24301564..24311563: +8 (total on disk 1895)
  blocks 24311564..24321563: +12 (total on disk 1907)
  blocks 24321564..24331563: +20 (total on disk 1927)
  blocks 24331564..24341563: +21 (total on disk 1948)
  blocks 24341564..24351563: +24 (total on disk 1972)
  blocks 24351564..24361563: +23 (total on disk 1995)
  blocks 24361564..24371563: +17 (total on disk 2012)
  blocks 24371564..24381563: +16 (total on disk 2028)
  blocks 24381564..24391563: +13 (total on disk 2041)
  blocks 24391564..24401563: +23 (total on disk 2064)
  blocks 24401564..24411563: +11 (total on disk 2075)
  blocks 24411564..24421563: +16 (total on disk 2091)
  blocks 24421564..24431563: +13 (total on disk 2104)
  blocks 24431564..24441563: +19 (total on disk 2123)
  blocks 24441564..24451563: +21 (total on disk 2144)
  blocks 24451564..24461563: +7 (total on disk 2151)
  blocks 24461564..24471563: +12 (total on disk 2163)
  blocks 24471564..24481563: +10 (total on disk 2173)
  blocks 24481564..24491563: +11 (total on disk 2184)
  blocks 24491564..24501563: +10 (total on disk 2194)
  blocks 24501564..24511563: +12 (total on disk 2206)
  blocks 24511564..24521563: +10 (total on disk 2216)
  blocks 24521564..24531563: +14 (total on disk 2230)
  blocks 24531564..24541563: +9 (total on disk 2239)
  blocks 24541564..24551563: +14 (total on disk 2253)
  blocks 24551564..24561563: +11 (total on disk 2264)
  blocks 24561564..24571563: +10 (total on disk 2274)
  blocks 24571564..24581563: +10 (total on disk 2284)
  blocks 24581564..24591563: +18 (total on disk 2302)
  blocks 24591564..24601563: +5 (total on disk 2307)
  blocks 24601564..24611563: +6 (total on disk 2313)
  blocks 24611564..24621563: +5 (total on disk 2318)
  blocks 24621564..24631563: +6 (total on disk 2324)
  blocks 24631564..24641563: +10 (total on disk 2334)
  blocks 24641564..24651563: +13 (total on disk 2347)
  blocks 24651564..24661563: +8 (total on disk 2355)
  blocks 24661564..24671563: +13 (total on disk 2368)
  blocks 24671564..24681563: +11 (total on disk 2379)
  blocks 24681564..24691563: +13 (total on disk 2392)
  blocks 24691564..24701563: +24 (total on disk 2416)
  blocks 24701564..24711563: +14 (total on disk 2430)
  blocks 24711564..24721563: +21 (total on disk 2451)
  blocks 24721564..24731563: +13 (total on disk 2464)
  blocks 24731564..24741563: +13 (total on disk 2477)
  blocks 24741564..24751563: +20 (total on disk 2497)    retry 1 ({'message': 'Request timeout on the free plan, please upgrade to paid plan', 'code': 30})
    batch retry 1 (Expecting value: line 1 column 1 (char 0))
    retry 1 ({'message': 'Request timeout on the free plan, please upgrade to paid plan', 'code': 30})

  blocks 24751564..24761563: +17 (total on disk 2514)
  blocks 24761564..24771563: +18 (total on disk 2532)
  blocks 24771564..24781563: +27 (total on disk 2559)
  blocks 24781564..24791563: +15 (total on disk 2574)
  blocks 24791564..24801563: +26 (total on disk 2600)
  blocks 24801564..24811563: +19 (total on disk 2619)
  blocks 24811564..24821563: +14 (total on disk 2633)
  blocks 24821564..24831563: +12 (total on disk 2645)
  blocks 24831564..24841563: +15 (total on disk 2660)
  blocks 24841564..24851563: +12 (total on disk 2672)
  blocks 24851564..24861563: +15 (total on disk 2687)
  blocks 24861564..24871563: +16 (total on disk 2703)
  blocks 24871564..24881563: +19 (total on disk 2722)
  blocks 24881564..24891563: +14 (total on disk 2736)
  blocks 24891564..24901563: +24 (total on disk 2760)
  blocks 24901564..24911563: +17 (total on disk 2777)
  blocks 24911564..24921563: +14 (total on disk 2791)
  blocks 24921564..24931563: +9 (total on disk 2800)
  blocks 24931564..24941563: +12 (total on disk 2812)
  blocks 24941564..24951563: +14 (total on disk 2826)
  blocks 24951564..24961563: +12 (total on disk 2838)
  blocks 24961564..24971563: +17 (total on disk 2855)
  blocks 24971564..24981563: +10 (total on disk 2865)
  blocks 24981564..24991563: +13 (total on disk 2878)
  blocks 24991564..25001563: +27 (total on disk 2905)
  blocks 25001564..25011563: +20 (total on disk 2925)
  blocks 25011564..25021563: +16 (total on disk 2941)
  blocks 25021564..25031563: +17 (total on disk 2958)
  blocks 25031564..25041563: +10 (total on disk 2968)
  blocks 25041564..25051563: +12 (total on disk 2980)
  blocks 25051564..25061563: +14 (total on disk 2994)
  blocks 25061564..25071563: +15 (total on disk 3009)
  blocks 25071564..25081563: +13 (total on disk 3022)
  blocks 25081564..25091563: +11 (total on disk 3033)
  blocks 25091564..25101563: +18 (total on disk 3051)
  blocks 25101564..25111563: +13 (total on disk 3064)
  blocks 25111564..25121563: +10 (total on disk 3074)
  blocks 25121564..25131563: +9 (total on disk 3083)
  blocks 25131564..25141563: +12 (total on disk 3095)
  blocks 25141564..25151563: +16 (total on disk 3111)
  blocks 25151564..25161563: +19 (total on disk 3130)
  blocks 25161564..25171563: +15 (total on disk 3145)
  blocks 25171564..25181563: +15 (total on disk 3160)
  blocks 25181564..25191563: +18 (total on disk 3178)
  blocks 25191564..25201563: +20 (total on disk 3198)
  blocks 25201564..25211563: +25 (total on disk 3223)
  blocks 25211564..25221563: +26 (total on disk 3249)
  blocks 25221564..25231563: +16 (total on disk 3265)
  blocks 25231564..25241563: +7 (total on disk 3272)
  blocks 25241564..25251563: +18 (total on disk 3290)
  blocks 25251564..25261563: +26 (total on disk 3316)
  blocks 25261564..25271563: +28 (total on disk 3344)
  blocks 25271564..25281563: +27 (total on disk 3371)
  blocks 25281564..25291563: +37 (total on disk 3408)
  blocks 25291564..25301563: +27 (total on disk 3435)
  blocks 25301564..25311563: +28 (total on disk 3463)
  blocks 25311564..25321563: +22 (total on disk 3485)
  blocks 25321564..25331563: +21 (total on disk 3506)
  blocks 25331564..25341563: +24 (total on disk 3530)
  blocks 25341564..25351563: +13 (total on disk 3543)
  blocks 25351564..25361563: +22 (total on disk 3565)
  blocks 25361564..25371563: +20 (total on disk 3585)
  blocks 25371564..25381563: +18 (total on disk 3603)
  blocks 25381564..25391563: +22 (total on disk 3625)
  blocks 25391564..25401563: +11 (total on disk 3636)
  blocks 25401564..25411563: +15 (total on disk 3651)
  blocks 25411564..25421563: +20 (total on disk 3671)
  blocks 25421564..25431563: +25 (total on disk 3696)
  blocks 25431564..25441563: +20 (total on disk 3716)
  blocks 25441564..25451563: +22 (total on disk 3738)
  blocks 25451564..25461563: +22 (total on disk 3760)
  blocks 25461564..25471563: +25 (total on disk 3785)
  blocks 25471564..25481563: +21 (total on disk 3806)
  blocks 25481564..25491563: +22 (total on disk 3828)
  blocks 25491564..25501563: +21 (total on disk 3849)
  blocks 25501564..25511563: +23 (total on disk 3872)
  blocks 25511564..25521563: +18 (total on disk 3890)
  blocks 25521564..25531563: +18 (total on disk 3908)
  blocks 25531564..25541563: +15 (total on disk 3923)
  blocks 25541564..25551563: +12 (total on disk 3935)
  blocks 25551564..25561563: +10 (total on disk 3945)
  blocks 25561564..25571563: +18 (total on disk 3963)
  blocks 25571564..25581563: +8 (total on disk 3971)
  blocks 25581564..25591563: +21 (total on disk 3992)
  blocks 25591564..25601563: +30 (total on disk 4022)
  blocks 25601564..25611563: +8 (total on disk 4030)
  blocks 25611564..25621563: +15 (total on disk 4045)
  blocks 25621564..25631563: +20 (total on disk 4065)
  blocks 25631564..25641563: +14 (total on disk 4079)
  blocks 25641564..25651563: +10 (total on disk 4089)
  blocks 25651564..25661563: +18 (total on disk 4107)
  blocks 25661564..25671563: +15 (total on disk 4122)
  blocks 25671564..25681563: +17 (total on disk 4139)
  blocks 25681564..25691563: +23 (total on disk 4162)
  blocks 25691564..25701563: +13 (total on disk 4175)
  blocks 25701564..25711563: +10 (total on disk 4185)
  blocks 25711564..25721563: +14 (total on disk 4199)
  blocks 25721564..25731563: +20 (total on disk 4219)
  blocks 25731564..25741563: +15 (total on disk 4234)
  blocks 25741564..25751563: +14 (total on disk 4248)
  blocks 25751564..25761563: +18 (total on disk 4266)
  blocks 25761564..25771563: +17 (total on disk 4283)
  blocks 25771564..25781563: +8 (total on disk 4291)
  blocks 25781564..25791563: +14 (total on disk 4305)
  blocks 25791564..25801563: +19 (total on disk 4324)
  blocks 25801564..25811563: +27 (total on disk 4351)
  blocks 25811564..25821563: +14 (total on disk 4365)
  blocks 25821564..25831563: +12 (total on disk 4377)
  blocks 25831564..25832867: +2 (total on disk 4379)
done: 4379 priority txs on disk (4379 new this run), txId 2837..7227, internal gaps: [(3475, 3486)]
