    retry 1 ({'message': 'Request timeout on the free plan, please upgrade to paid plan', 'code': 30})
    retry 1 (Expecting value: line 1 column 1 (char 0))
sophon (chainId 50104): ETH blocks 23221564..25832861 (262 chunks)
  blocks 23221564..23231563: +16 (total on disk 16)
  blocks 23231564..23241563: +11 (total on disk 27)
  blocks 23241564..23251563: +4 (total on disk 31)
  blocks 23251564..23261563: +2 (total on disk 33)
  blocks 23261564..23271563: +6 (total on disk 39)
  blocks 23271564..23281563: +6 (total on disk 45)
  blocks 23281564..23291563: +29 (total on disk 74)
  blocks 23291564..23301563: +8 (total on disk 82)
  blocks 23301564..23311563: +8 (total on disk 90)
  blocks 23311564..23321563: +49 (total on disk 139)
  blocks 23321564..23331563: +7 (total on disk 146)
  blocks 23331564..23341563: +19 (total on disk 165)
  blocks 23341564..23351563: +13 (total on disk 178)
  blocks 23351564..23361563: +29 (total on disk 207)
  blocks 23361564..23371563: +33 (total on disk 240)
  blocks 23371564..23381563: +1 (total on disk 241)
  blocks 23381564..23391563: +6 (total on disk 247)
  blocks 23391564..23401563: +14 (total on disk 261)
  blocks 23401564..23411563: +3 (total on disk 264)
  blocks 23411564..23421563: +11 (total on disk 275)
  blocks 23421564..23431563: +6 (total on disk 281)
  blocks 23431564..23441563: +10 (total on disk 291)
  blocks 23441564..23451563: +13 (total on disk 304)
  blocks 23451564..23461563: +5 (total on disk 309)
  blocks 23461564..23471563: +8 (total on disk 317)
  blocks 23471564..23481563: +23 (total on disk 340)
  blocks 23481564..23491563: +10 (total on disk 350)
  blocks 23491564..23501563: +11 (total on disk 361)
  blocks 23501564..23511563: +3 (total on disk 364)
  blocks 23511564..23521563: +9 (total on disk 373)
  blocks 23521564..23531563: +23 (total on disk 396)
  blocks 23531564..23541563: +12 (total on disk 408)
  blocks 23541564..23551563: +19 (total on disk 427)
  blocks 23551564..23561563: +5 (total on disk 432)
  blocks 23561564..23571563: +9 (total on disk 441)
  blocks 23571564..23581563: +4 (total on disk 445)
  blocks 23581564..23591563: +0 (total on disk 445)
  blocks 23591564..23601563: +15 (total on disk 460)
  blocks 23601564..23611563: +7 (total on disk 467)
  blocks 23611564..23621563: +10 (total on disk 477)
  blocks 23621564..23631563: +8 (total on disk 485)
  blocks 23631564..23641563: +6 (total on disk 491)
  blocks 23641564..23651563: +6 (total on disk 497)
  blocks 23651564..23661563: +2 (total on disk 499)
  blocks 23661564..23671563: +17 (total on disk 516)
  blocks 23671564..23681563: +5 (total on disk 521)
  blocks 23681564..23691563: +4 (total on disk 525)
  blocks 23691564..23701563: +3 (total on disk 528)
  blocks 23701564..23711563: +0 (total on disk 528)
  blocks 23711564..23721563: +12 (total on disk 540)
  blocks 23721564..23731563: +19 (total on disk 559)
  blocks 23731564..23741563: +5 (total on disk 564)
  blocks 23741564..23751563: +2 (total on disk 566)
  blocks 23751564..23761563: +2 (total on disk 568)
  blocks 23761564..23771563: +8 (total on disk 576)
  blocks 23771564..23781563: +1 (total on disk 577)
  blocks 23781564..23791563: +1 (total on disk 578)
  blocks 23791564..23801563: +8 (total on disk 586)
  blocks 23801564..23811563: +7 (total on disk 593)
  blocks 23811564..23821563: +4 (total on disk 597)
  blocks 23821564..23831563: +2 (total on disk 599)
  blocks 23831564..23841563: +11 (total on disk 610)
  blocks 23841564..23851563: +8 (total on disk 618)
  blocks 23851564..23861563: +4 (total on disk 622)
  blocks 23861564..23871563: +2 (total on disk 624)
  blocks 23871564..23881563: +3 (total on disk 627)
  blocks 23881564..23891563: +10 (total on disk 637)
  blocks 23891564..23901563: +3 (total on disk 640)
  blocks 23901564..23911563: +9 (total on disk 649)
  blocks 23911564..23921563: +11 (total on disk 660)
  blocks 23921564..23931563: +13 (total on disk 673)
  blocks 23931564..23941563: +11 (total on disk 684)
  blocks 23941564..23951563: +1 (total on disk 685)
  blocks 23951564..23961563: +2 (total on disk 687)
  blocks 23961564..23971563: +2 (total on disk 689)
  blocks 23971564..23981563: +11 (total on disk 700)
  blocks 23981564..23991563: +12 (total on disk 712)
  blocks 23991564..24001563: +6 (total on disk 718)
  blocks 24001564..24011563: +2 (total on disk 720)
  blocks 24011564..24021563: +12 (total on disk 732)
  blocks 24021564..24031563: +18 (total on disk 750)
  blocks 24031564..24041563: +15 (total on disk 765)
  blocks 24041564..24051563: +3 (total on disk 768)
  blocks 24051564..24061563: +4 (total on disk 772)
  blocks 24061564..24071563: +6 (total on disk 778)
  blocks 24071564..24081563: +4 (total on disk 782)
  blocks 24081564..24091563: +4 (total on disk 786)
  blocks 24091564..24101563: +3 (total on disk 789)
  blocks 24101564..24111563: +11 (total on disk 800)
  blocks 24111564..24121563: +1 (total on disk 801)
  blocks 24121564..24131563: +1 (total on disk 802)
  blocks 24131564..24141563: +5 (total on disk 807)
  blocks 24141564..24151563: +6 (total on disk 813)
  blocks 24151564..24161563: +5 (total on disk 818)
  blocks 24161564..24171563: +7 (total on disk 825)
  blocks 24171564..24181563: +3 (total on disk 828)
  blocks 24181564..24191563: +2 (total on disk 830)
  blocks 24191564..24201563: +9 (total on disk 839)
  blocks 24201564..24211563: +1 (total on disk 840)
  blocks 24211564..24221563: +1 (total on disk 841)
  blocks 24221564..24231563: +7 (total on disk 848)
  blocks 24231564..24241563: +6 (total on disk 854)
  blocks 24241564..24251563: +3 (total on disk 857)
  blocks 24251564..24261563: +6 (total on disk 863)
  blocks 24261564..24271563: +5 (total on disk 868)
  blocks 24271564..24281563: +9 (total on disk 877)
  blocks 24281564..24291563: +14 (total on disk 891)
  blocks 24291564..24301563: +6 (total on disk 897)
  blocks 24301564..24311563: +5 (total on disk 902)
  blocks 24311564..24321563: +15 (total on disk 917)
  blocks 24321564..24331563: +4 (total on disk 921)
  blocks 24331564..24341563: +9 (total on disk 930)
  blocks 24341564..24351563: +10 (total on disk 940)
  blocks 24351564..24361563: +8 (total on disk 948)
  blocks 24361564..24371563: +8 (total on disk 956)
  blocks 24371564..24381563: +4 (total on disk 960)
  blocks 24381564..24391563: +14 (total on disk 974)
  blocks 24391564..24401563: +10 (total on disk 984)
  blocks 24401564..24411563: +7 (total on disk 991)
  blocks 24411564..24421563: +3 (total on disk 994)
  blocks 24421564..24431563: +4 (total on disk 998)
  blocks 24431564..24441563: +1 (total on disk 999)
  blocks 24441564..24451563: +0 (total on disk 999)
  blocks 24451564..24461563: +7 (total on disk 1006)
  blocks 24461564..24471563: +0 (total on disk 1006)
  blocks 24471564..24481563: +5 (total on disk 1011)
  blocks 24481564..24491563: +8 (total on disk 1019)
  blocks 24491564..24501563: +0 (total on disk 1019)
  blocks 24501564..24511563: +2 (total on disk 1021)
  blocks 24511564..24521563: +2 (total on disk 1023)
  blocks 24521564..24531563: +4 (total on disk 1027)
  blocks 24531564..24541563: +7 (total on disk 1034)
  blocks 24541564..24551563: +1 (total on disk 1035)
  blocks 24551564..24561563: +1 (total on disk 1036)
  blocks 24561564..24571563: +4 (total on disk 1040)
  blocks 24571564..24581563: +4 (total on disk 1044)
  blocks 24581564..24591563: +3 (total on disk 1047)
  blocks 24591564..24601563: +2 (total on disk 1049)
  blocks 24601564..24611563: +0 (total on disk 1049)
  blocks 24611564..24621563: +1 (total on disk 1050)
  blocks 24621564..24631563: +1 (total on disk 1051)
  blocks 24631564..24641563: +0 (total on disk 1051)
  blocks 24641564..24651563: +0 (total on disk 1051)
  blocks 24651564..24661563: +1 (total on disk 1052)
  blocks 24661564..24671563: +1 (total on disk 1053)
  blocks 24671564..24681563: +0 (total on disk 1053)
  blocks 24681564..24691563: +1 (total on disk 1054)
  blocks 24691564..24701563: +3 (total on disk 1057)
  blocks 24701564..24711563: +0 (total on disk 1057)
  blocks 24711564..24721563: +2 (total on disk 1059)
  blocks 24721564..24731563: +0 (total on disk 1059)
  blocks 24731564..24741563: +0 (total on disk 1059)
  blocks 24741564..24751563: +0 (total on disk 1059)
  blocks 24751564..24761563: +0 (total on disk 1059)
  blocks 24761564..24771563: +2 (total on disk 1061)
  blocks 24771564..24781563: +1 (total on disk 1062)    retry 1 ({'message': 'Request timeout on the free plan, please upgrade to paid plan', 'code': 30})

  blocks 24781564..24791563: +0 (total on disk 1062)
  blocks 24791564..24801563: +0 (total on disk 1062)
  blocks 24801564..24811563: +0 (total on disk 1062)
  blocks 24811564..24821563: +1 (total on disk 1063)
  blocks 24821564..24831563: +0 (total on disk 1063)
  blocks 24831564..24841563: +1 (total on disk 1064)
  blocks 24841564..24851563: +4 (total on disk 1068)
  blocks 24851564..24861563: +1 (total on disk 1069)
  blocks 24861564..24871563: +1 (total on disk 1070)
  blocks 24871564..24881563: +2 (total on disk 1072)
  blocks 24881564..24891563: +2 (total on disk 1074)
  blocks 24891564..24901563: +1 (total on disk 1075)
  blocks 24901564..24911563: +1 (total on disk 1076)
  blocks 24911564..24921563: +0 (total on disk 1076)
  blocks 24921564..24931563: +5 (total on disk 1081)
  blocks 24931564..24941563: +0 (total on disk 1081)
  blocks 24941564..24951563: +0 (total on disk 1081)
  blocks 24951564..24961563: +3 (total on disk 1084)
  blocks 24961564..24971563: +0 (total on disk 1084)
  blocks 24971564..24981563: +1 (total on disk 1085)
  blocks 24981564..24991563: +2 (total on disk 1087)
  blocks 24991564..25001563: +1 (total on disk 1088)
  blocks 25001564..25011563: +2 (total on disk 1090)
  blocks 25011564..25021563: +0 (total on disk 1090)
  blocks 25021564..25031563: +1 (total on disk 1091)
  blocks 25031564..25041563: +0 (total on disk 1091)
  blocks 25041564..25051563: +1 (total on disk 1092)
  blocks 25051564..25061563: +0 (total on disk 1092)
  blocks 25061564..25071563: +2 (total on disk 1094)
  blocks 25071564..25081563: +2 (total on disk 1096)
  blocks 25081564..25091563: +0 (total on disk 1096)
  blocks 25091564..25101563: +0 (total on disk 1096)
  blocks 25101564..25111563: +1 (total on disk 1097)
  blocks 25111564..25121563: +2 (total on disk 1099)
  blocks 25121564..25131563: +1 (total on disk 1100)
  blocks 25131564..25141563: +0 (total on disk 1100)
  blocks 25141564..25151563: +1 (total on disk 1101)
  blocks 25151564..25161563: +0 (total on disk 1101)
  blocks 25161564..25171563: +0 (total on disk 1101)
  blocks 25171564..25181563: +3 (total on disk 1104)
  blocks 25181564..25191563: +0 (total on disk 1104)
  blocks 25191564..25201563: +3 (total on disk 1107)
  blocks 25201564..25211563: +0 (total on disk 1107)
  blocks 25211564..25221563: +0 (total on disk 1107)
  blocks 25221564..25231563: +0 (total on disk 1107)
  blocks 25231564..25241563: +3 (total on disk 1110)
  blocks 25241564..25251563: +1 (total on disk 1111)
  blocks 25251564..25261563: +3 (total on disk 1114)
  blocks 25261564..25271563: +2 (total on disk 1116)
  blocks 25271564..25281563: +0 (total on disk 1116)
  blocks 25281564..25291563: +2 (total on disk 1118)
  blocks 25291564..25301563: +3 (total on disk 1121)
  blocks 25301564..25311563: +1 (total on disk 1122)
  blocks 25311564..25321563: +0 (total on disk 1122)
  blocks 25321564..25331563: +2 (total on disk 1124)
  blocks 25331564..25341563: +0 (total on disk 1124)
  blocks 25341564..25351563: +0 (total on disk 1124)
  blocks 25351564..25361563: +0 (total on disk 1124)
  blocks 25361564..25371563: +1 (total on disk 1125)
  blocks 25371564..25381563: +0 (total on disk 1125)
  blocks 25381564..25391563: +0 (total on disk 1125)
  blocks 25391564..25401563: +0 (total on disk 1125)
  blocks 25401564..25411563: +0 (total on disk 1125)
  blocks 25411564..25421563: +0 (total on disk 1125)
  blocks 25421564..25431563: +1 (total on disk 1126)
  blocks 25431564..25441563: +0 (total on disk 1126)
  blocks 25441564..25451563: +2 (total on disk 1128)
  blocks 25451564..25461563: +0 (total on disk 1128)
  blocks 25461564..25471563: +0 (total on disk 1128)
  blocks 25471564..25481563: +0 (total on disk 1128)
  blocks 25481564..25491563: +0 (total on disk 1128)
  blocks 25491564..25501563: +0 (total on disk 1128)
  blocks 25501564..25511563: +0 (total on disk 1128)
  blocks 25511564..25521563: +0 (total on disk 1128)
  blocks 25521564..25531563: +0 (total on disk 1128)
  blocks 25531564..25541563: +0 (total on disk 1128)
  blocks 25541564..25551563: +0 (total on disk 1128)
  blocks 25551564..25561563: +0 (total on disk 1128)
  blocks 25561564..25571563: +0 (total on disk 1128)
  blocks 25571564..25581563: +0 (total on disk 1128)
  blocks 25581564..25591563: +0 (total on disk 1128)
  blocks 25591564..25601563: +0 (total on disk 1128)
  blocks 25601564..25611563: +0 (total on disk 1128)
  blocks 25611564..25621563: +0 (total on disk 1128)
  blocks 25621564..25631563: +0 (total on disk 1128)
  blocks 25631564..25641563: +0 (total on disk 1128)
  blocks 25641564..25651563: +0 (total on disk 1128)
  blocks 25651564..25661563: +0 (total on disk 1128)
  blocks 25661564..25671563: +0 (total on disk 1128)
  blocks 25671564..25681563: +0 (total on disk 1128)
  blocks 25681564..25691563: +0 (total on disk 1128)
  blocks 25691564..25701563: +0 (total on disk 1128)
  blocks 25701564..25711563: +0 (total on disk 1128)
  blocks 25711564..25721563: +0 (total on disk 1128)
  blocks 25721564..25731563: +0 (total on disk 1128)
  blocks 25731564..25741563: +0 (total on disk 1128)
  blocks 25741564..25751563: +0 (total on disk 1128)
  blocks 25751564..25761563: +0 (total on disk 1128)
  blocks 25761564..25771563: +0 (total on disk 1128)
  blocks 25771564..25781563: +0 (total on disk 1128)
  blocks 25781564..25791563: +0 (total on disk 1128)
  blocks 25791564..25801563: +0 (total on disk 1128)
  blocks 25801564..25811563: +0 (total on disk 1128)
  blocks 25811564..25821563: +0 (total on disk 1128)
  blocks 25821564..25831563: +0 (total on disk 1128)
  blocks 25831564..25832861: +0 (total on disk 1128)
done: 1128 priority txs on disk (1128 new this run), txId 9073..10211, internal gaps: [(9518, 9528)]
